MPLINK 4.35, Linker
Linker Map File - Created Fri May 24 10:50:57 2019

                                 Section Info
                  Section       Type    Address   Location Size(Bytes)
                ---------  ---------  ---------  ---------  ---------
                   .org_0       code   0x000000    program   0x000002
                   .org_1       code   0x000004    program   0x00006c
                   .cinit    romdata   0x001800    program   0x000004



                              Program Memory Usage 
                               Start         End      
                           ---------   ---------      
                            0x000000    0x000000      
                            0x000004    0x000039      
                            0x001800    0x001801      
            57 out of 8453 program addresses used, program memory utilization is 0%



                              Symbols - Sorted by Name
                     Name    Address   Location    Storage File                     
                ---------  ---------  ---------  --------- ---------                
                  bigloop   0x000029    program     static C:\Users\geeky\MEGA\Workspace\MPLAB IDE\PIC16F877A\Lab 5\MPLABTemplate.asm
               firstState   0x000023    program     static C:\Users\geeky\MEGA\Workspace\MPLAB IDE\PIC16F877A\Lab 5\MPLABTemplate.asm
                innerloop   0x000031    program     static C:\Users\geeky\MEGA\Workspace\MPLAB IDE\PIC16F877A\Lab 5\MPLABTemplate.asm
                      int   0x000001    program     static C:\Users\geeky\MEGA\Workspace\MPLAB IDE\PIC16F877A\Lab 5\MPLABTemplate.asm
                      isr   0x000038    program     static C:\Users\geeky\MEGA\Workspace\MPLAB IDE\PIC16F877A\Lab 5\MPLABTemplate.asm
                lastState   0x00001b    program     static C:\Users\geeky\MEGA\Workspace\MPLAB IDE\PIC16F877A\Lab 5\MPLABTemplate.asm
                     main   0x000012    program     static C:\Users\geeky\MEGA\Workspace\MPLAB IDE\PIC16F877A\Lab 5\MPLABTemplate.asm
             onesec_delay   0x000027    program     static C:\Users\geeky\MEGA\Workspace\MPLAB IDE\PIC16F877A\Lab 5\MPLABTemplate.asm
                outerloop   0x00002f    program     static C:\Users\geeky\MEGA\Workspace\MPLAB IDE\PIC16F877A\Lab 5\MPLABTemplate.asm
               rotateLeft   0x000017    program     static C:\Users\geeky\MEGA\Workspace\MPLAB IDE\PIC16F877A\Lab 5\MPLABTemplate.asm
              rotateRight   0x00001f    program     static C:\Users\geeky\MEGA\Workspace\MPLAB IDE\PIC16F877A\Lab 5\MPLABTemplate.asm
                    setup   0x000005    program     static C:\Users\geeky\MEGA\Workspace\MPLAB IDE\PIC16F877A\Lab 5\MPLABTemplate.asm
            smaller_delay   0x00002d    program     static C:\Users\geeky\MEGA\Workspace\MPLAB IDE\PIC16F877A\Lab 5\MPLABTemplate.asm



                              Symbols - Sorted by Address
                     Name    Address   Location    Storage File                     
                ---------  ---------  ---------  --------- ---------                
                      int   0x000001    program     static C:\Users\geeky\MEGA\Workspace\MPLAB IDE\PIC16F877A\Lab 5\MPLABTemplate.asm
                    setup   0x000005    program     static C:\Users\geeky\MEGA\Workspace\MPLAB IDE\PIC16F877A\Lab 5\MPLABTemplate.asm
                     main   0x000012    program     static C:\Users\geeky\MEGA\Workspace\MPLAB IDE\PIC16F877A\Lab 5\MPLABTemplate.asm
               rotateLeft   0x000017    program     static C:\Users\geeky\MEGA\Workspace\MPLAB IDE\PIC16F877A\Lab 5\MPLABTemplate.asm
                lastState   0x00001b    program     static C:\Users\geeky\MEGA\Workspace\MPLAB IDE\PIC16F877A\Lab 5\MPLABTemplate.asm
              rotateRight   0x00001f    program     static C:\Users\geeky\MEGA\Workspace\MPLAB IDE\PIC16F877A\Lab 5\MPLABTemplate.asm
               firstState   0x000023    program     static C:\Users\geeky\MEGA\Workspace\MPLAB IDE\PIC16F877A\Lab 5\MPLABTemplate.asm
             onesec_delay   0x000027    program     static C:\Users\geeky\MEGA\Workspace\MPLAB IDE\PIC16F877A\Lab 5\MPLABTemplate.asm
                  bigloop   0x000029    program     static C:\Users\geeky\MEGA\Workspace\MPLAB IDE\PIC16F877A\Lab 5\MPLABTemplate.asm
            smaller_delay   0x00002d    program     static C:\Users\geeky\MEGA\Workspace\MPLAB IDE\PIC16F877A\Lab 5\MPLABTemplate.asm
                outerloop   0x00002f    program     static C:\Users\geeky\MEGA\Workspace\MPLAB IDE\PIC16F877A\Lab 5\MPLABTemplate.asm
                innerloop   0x000031    program     static C:\Users\geeky\MEGA\Workspace\MPLAB IDE\PIC16F877A\Lab 5\MPLABTemplate.asm
                      isr   0x000038    program     static C:\Users\geeky\MEGA\Workspace\MPLAB IDE\PIC16F877A\Lab 5\MPLABTemplate.asm


