MPLINK 4.35, Linker
Linker Map File - Created Mon Jun 10 09:20:59 2019

                                 Section Info
                  Section       Type    Address   Location Size(Bytes)
                ---------  ---------  ---------  ---------  ---------
                   .org_0       code   0x000000    program   0x000002
                   .org_1       code   0x000004    program   0x000048
                   .cinit    romdata   0x001800    program   0x000004



                              Program Memory Usage 
                               Start         End      
                           ---------   ---------      
                            0x000000    0x000000      
                            0x000004    0x000027      
                            0x001800    0x001801      
            39 out of 8453 program addresses used, program memory utilization is 0%



                              Symbols - Sorted by Name
                     Name    Address   Location    Storage File                     
                ---------  ---------  ---------  --------- ---------                
                  bigloop   0x000019    program     static C:\Users\geeky\MEGA\Workspace\MPLAB IDE\PIC16F877A\Lab 7\MPLABTemplate.asm
                innerloop   0x000021    program     static C:\Users\geeky\MEGA\Workspace\MPLAB IDE\PIC16F877A\Lab 7\MPLABTemplate.asm
                      isr   0x000014    program     static C:\Users\geeky\MEGA\Workspace\MPLAB IDE\PIC16F877A\Lab 7\MPLABTemplate.asm
                     loop   0x000012    program     static C:\Users\geeky\MEGA\Workspace\MPLAB IDE\PIC16F877A\Lab 7\MPLABTemplate.asm
                     main   0x000005    program     static C:\Users\geeky\MEGA\Workspace\MPLAB IDE\PIC16F877A\Lab 7\MPLABTemplate.asm
             onesec_delay   0x000017    program     static C:\Users\geeky\MEGA\Workspace\MPLAB IDE\PIC16F877A\Lab 7\MPLABTemplate.asm
                outerloop   0x00001f    program     static C:\Users\geeky\MEGA\Workspace\MPLAB IDE\PIC16F877A\Lab 7\MPLABTemplate.asm
            smaller_delay   0x00001d    program     static C:\Users\geeky\MEGA\Workspace\MPLAB IDE\PIC16F877A\Lab 7\MPLABTemplate.asm



                              Symbols - Sorted by Address
                     Name    Address   Location    Storage File                     
                ---------  ---------  ---------  --------- ---------                
                     main   0x000005    program     static C:\Users\geeky\MEGA\Workspace\MPLAB IDE\PIC16F877A\Lab 7\MPLABTemplate.asm
                     loop   0x000012    program     static C:\Users\geeky\MEGA\Workspace\MPLAB IDE\PIC16F877A\Lab 7\MPLABTemplate.asm
                      isr   0x000014    program     static C:\Users\geeky\MEGA\Workspace\MPLAB IDE\PIC16F877A\Lab 7\MPLABTemplate.asm
             onesec_delay   0x000017    program     static C:\Users\geeky\MEGA\Workspace\MPLAB IDE\PIC16F877A\Lab 7\MPLABTemplate.asm
                  bigloop   0x000019    program     static C:\Users\geeky\MEGA\Workspace\MPLAB IDE\PIC16F877A\Lab 7\MPLABTemplate.asm
            smaller_delay   0x00001d    program     static C:\Users\geeky\MEGA\Workspace\MPLAB IDE\PIC16F877A\Lab 7\MPLABTemplate.asm
                outerloop   0x00001f    program     static C:\Users\geeky\MEGA\Workspace\MPLAB IDE\PIC16F877A\Lab 7\MPLABTemplate.asm
                innerloop   0x000021    program     static C:\Users\geeky\MEGA\Workspace\MPLAB IDE\PIC16F877A\Lab 7\MPLABTemplate.asm


