MPLINK 4.35, Linker
Linker Map File - Created Thu May 23 11:44:24 2019

                                 Section Info
                  Section       Type    Address   Location Size(Bytes)
                ---------  ---------  ---------  ---------  ---------
                   .org_0       code   0x000000    program   0x000002
                   .org_1       code   0x000004    program   0x00005c
                   .cinit    romdata   0x001800    program   0x000004



                              Program Memory Usage 
                               Start         End      
                           ---------   ---------      
                            0x000000    0x000000      
                            0x000004    0x000031      
                            0x001800    0x001801      
            49 out of 8453 program addresses used, program memory utilization is 0%



                              Symbols - Sorted by Name
                     Name    Address   Location    Storage File                     
                ---------  ---------  ---------  --------- ---------                
                 evaluate   0x000017    program     static C:\Users\geeky\MEGA\Workspace\MPLAB IDE\PIC16F877A\Lab 3\MPLABTemplate.asm
                   finish   0x000031    program     static C:\Users\geeky\MEGA\Workspace\MPLAB IDE\PIC16F877A\Lab 3\MPLABTemplate.asm
                      isr   0x00002f    program     static C:\Users\geeky\MEGA\Workspace\MPLAB IDE\PIC16F877A\Lab 3\MPLABTemplate.asm
                     main   0x000010    program     static C:\Users\geeky\MEGA\Workspace\MPLAB IDE\PIC16F877A\Lab 3\MPLABTemplate.asm
             number_setup   0x00001f    program     static C:\Users\geeky\MEGA\Workspace\MPLAB IDE\PIC16F877A\Lab 3\MPLABTemplate.asm
                    setup   0x000005    program     static C:\Users\geeky\MEGA\Workspace\MPLAB IDE\PIC16F877A\Lab 3\MPLABTemplate.asm
              write_equal   0x000029    program     static C:\Users\geeky\MEGA\Workspace\MPLAB IDE\PIC16F877A\Lab 3\MPLABTemplate.asm
            write_greater   0x00002b    program     static C:\Users\geeky\MEGA\Workspace\MPLAB IDE\PIC16F877A\Lab 3\MPLABTemplate.asm
            write_smaller   0x00002d    program     static C:\Users\geeky\MEGA\Workspace\MPLAB IDE\PIC16F877A\Lab 3\MPLABTemplate.asm



                              Symbols - Sorted by Address
                     Name    Address   Location    Storage File                     
                ---------  ---------  ---------  --------- ---------                
                    setup   0x000005    program     static C:\Users\geeky\MEGA\Workspace\MPLAB IDE\PIC16F877A\Lab 3\MPLABTemplate.asm
                     main   0x000010    program     static C:\Users\geeky\MEGA\Workspace\MPLAB IDE\PIC16F877A\Lab 3\MPLABTemplate.asm
                 evaluate   0x000017    program     static C:\Users\geeky\MEGA\Workspace\MPLAB IDE\PIC16F877A\Lab 3\MPLABTemplate.asm
             number_setup   0x00001f    program     static C:\Users\geeky\MEGA\Workspace\MPLAB IDE\PIC16F877A\Lab 3\MPLABTemplate.asm
              write_equal   0x000029    program     static C:\Users\geeky\MEGA\Workspace\MPLAB IDE\PIC16F877A\Lab 3\MPLABTemplate.asm
            write_greater   0x00002b    program     static C:\Users\geeky\MEGA\Workspace\MPLAB IDE\PIC16F877A\Lab 3\MPLABTemplate.asm
            write_smaller   0x00002d    program     static C:\Users\geeky\MEGA\Workspace\MPLAB IDE\PIC16F877A\Lab 3\MPLABTemplate.asm
                      isr   0x00002f    program     static C:\Users\geeky\MEGA\Workspace\MPLAB IDE\PIC16F877A\Lab 3\MPLABTemplate.asm
                   finish   0x000031    program     static C:\Users\geeky\MEGA\Workspace\MPLAB IDE\PIC16F877A\Lab 3\MPLABTemplate.asm


