MPLINK 4.35, Linker
Linker Map File - Created Tue Apr 30 17:09:51 2019

                                 Section Info
                  Section       Type    Address   Location Size(Bytes)
                ---------  ---------  ---------  ---------  ---------
                   .org_0       code   0x000000    program   0x000002
                   .org_1       code   0x000004    program   0x000048
                   .cinit    romdata   0x001800    program   0x000004



                              Program Memory Usage 
                               Start         End      
                           ---------   ---------      
                            0x000000    0x000000      
                            0x000004    0x000027      
                            0x001800    0x001801      
            39 out of 8453 program addresses used, program memory utilization is 0%



                              Symbols - Sorted by Name
                     Name    Address   Location    Storage File                     
                ---------  ---------  ---------  --------- ---------                
               firstState   0x000022    program     static C:\Users\geeky\MEGA\Workspace\MPLAB IDE\Lab 8 PIC16F887\Lab 2\MPLABTemplate.asm
                      int   0x000001    program     static C:\Users\geeky\MEGA\Workspace\MPLAB IDE\Lab 8 PIC16F887\Lab 2\MPLABTemplate.asm
                      isr   0x000026    program     static C:\Users\geeky\MEGA\Workspace\MPLAB IDE\Lab 8 PIC16F887\Lab 2\MPLABTemplate.asm
                lastState   0x00001a    program     static C:\Users\geeky\MEGA\Workspace\MPLAB IDE\Lab 8 PIC16F887\Lab 2\MPLABTemplate.asm
                     main   0x000012    program     static C:\Users\geeky\MEGA\Workspace\MPLAB IDE\Lab 8 PIC16F887\Lab 2\MPLABTemplate.asm
               rotateLeft   0x000016    program     static C:\Users\geeky\MEGA\Workspace\MPLAB IDE\Lab 8 PIC16F887\Lab 2\MPLABTemplate.asm
              rotateRight   0x00001e    program     static C:\Users\geeky\MEGA\Workspace\MPLAB IDE\Lab 8 PIC16F887\Lab 2\MPLABTemplate.asm
                    setup   0x000005    program     static C:\Users\geeky\MEGA\Workspace\MPLAB IDE\Lab 8 PIC16F887\Lab 2\MPLABTemplate.asm



                              Symbols - Sorted by Address
                     Name    Address   Location    Storage File                     
                ---------  ---------  ---------  --------- ---------                
                      int   0x000001    program     static C:\Users\geeky\MEGA\Workspace\MPLAB IDE\Lab 8 PIC16F887\Lab 2\MPLABTemplate.asm
                    setup   0x000005    program     static C:\Users\geeky\MEGA\Workspace\MPLAB IDE\Lab 8 PIC16F887\Lab 2\MPLABTemplate.asm
                     main   0x000012    program     static C:\Users\geeky\MEGA\Workspace\MPLAB IDE\Lab 8 PIC16F887\Lab 2\MPLABTemplate.asm
               rotateLeft   0x000016    program     static C:\Users\geeky\MEGA\Workspace\MPLAB IDE\Lab 8 PIC16F887\Lab 2\MPLABTemplate.asm
                lastState   0x00001a    program     static C:\Users\geeky\MEGA\Workspace\MPLAB IDE\Lab 8 PIC16F887\Lab 2\MPLABTemplate.asm
              rotateRight   0x00001e    program     static C:\Users\geeky\MEGA\Workspace\MPLAB IDE\Lab 8 PIC16F887\Lab 2\MPLABTemplate.asm
               firstState   0x000022    program     static C:\Users\geeky\MEGA\Workspace\MPLAB IDE\Lab 8 PIC16F887\Lab 2\MPLABTemplate.asm
                      isr   0x000026    program     static C:\Users\geeky\MEGA\Workspace\MPLAB IDE\Lab 8 PIC16F887\Lab 2\MPLABTemplate.asm


