MPLINK 4.35, Linker
Linker Map File - Created Sat Jun 01 11:14:21 2019

                                 Section Info
                  Section       Type    Address   Location Size(Bytes)
                ---------  ---------  ---------  ---------  ---------
                   .org_0       code   0x000000    program   0x000002
                   .org_1       code   0x000004    program   0x000088
                   .cinit    romdata   0x001800    program   0x000004



                              Program Memory Usage 
                               Start         End      
                           ---------   ---------      
                            0x000000    0x000000      
                            0x000004    0x000047      
                            0x001800    0x001801      
            71 out of 8453 program addresses used, program memory utilization is 0%



                              Symbols - Sorted by Name
                     Name    Address   Location    Storage File                     
                ---------  ---------  ---------  --------- ---------                
                      isr   0x000046    program     static C:\Users\geeky\MEGA\Workspace\MPLAB IDE\PIC16F877A\Lab 6\MPLABTemplate.asm
                     main   0x000005    program     static C:\Users\geeky\MEGA\Workspace\MPLAB IDE\PIC16F877A\Lab 6\MPLABTemplate.asm
                test_keys   0x00001c    program     static C:\Users\geeky\MEGA\Workspace\MPLAB IDE\PIC16F877A\Lab 6\MPLABTemplate.asm



                              Symbols - Sorted by Address
                     Name    Address   Location    Storage File                     
                ---------  ---------  ---------  --------- ---------                
                     main   0x000005    program     static C:\Users\geeky\MEGA\Workspace\MPLAB IDE\PIC16F877A\Lab 6\MPLABTemplate.asm
                test_keys   0x00001c    program     static C:\Users\geeky\MEGA\Workspace\MPLAB IDE\PIC16F877A\Lab 6\MPLABTemplate.asm
                      isr   0x000046    program     static C:\Users\geeky\MEGA\Workspace\MPLAB IDE\PIC16F877A\Lab 6\MPLABTemplate.asm


