MPLINK 4.35, Linker
Linker Map File - Created Fri May 10 17:39:27 2019

                                 Section Info
                  Section       Type    Address   Location Size(Bytes)
                ---------  ---------  ---------  ---------  ---------
                   .org_0       code   0x000000    program   0x000002
                   .org_1       code   0x000004    program   0x00002e
                   .cinit    romdata   0x001800    program   0x000004



                              Program Memory Usage 
                               Start         End      
                           ---------   ---------      
                            0x000000    0x000000      
                            0x000004    0x00001a      
                            0x001800    0x001801      
            26 out of 8453 program addresses used, program memory utilization is 0%



                              Symbols - Sorted by Name
                     Name    Address   Location    Storage File                     
                ---------  ---------  ---------  --------- ---------                
                      isr   0x000019    program     static C:\Users\geeky\MEGA\Workspace\MPLAB IDE\Lab 8 PIC16F887\Lab 4\MPLABTemplate.asm
                     loop   0x000012    program     static C:\Users\geeky\MEGA\Workspace\MPLAB IDE\Lab 8 PIC16F887\Lab 4\MPLABTemplate.asm
                     main   0x000005    program     static C:\Users\geeky\MEGA\Workspace\MPLAB IDE\Lab 8 PIC16F887\Lab 4\MPLABTemplate.asm



                              Symbols - Sorted by Address
                     Name    Address   Location    Storage File                     
                ---------  ---------  ---------  --------- ---------                
                     main   0x000005    program     static C:\Users\geeky\MEGA\Workspace\MPLAB IDE\Lab 8 PIC16F887\Lab 4\MPLABTemplate.asm
                     loop   0x000012    program     static C:\Users\geeky\MEGA\Workspace\MPLAB IDE\Lab 8 PIC16F887\Lab 4\MPLABTemplate.asm
                      isr   0x000019    program     static C:\Users\geeky\MEGA\Workspace\MPLAB IDE\Lab 8 PIC16F887\Lab 4\MPLABTemplate.asm


